// Jest Snapshot v1, https://goo.gl/fbAQLP

exports[`Home page render correctly 1`] = `ShallowWrapper {}`;

exports[`Should render home page correctly 1`] = `ShallowWrapper {}`;
